[www.classcentral.com/index.html]
[backblue.gif]
[fade.gif]
[index.html]
[ccweb.imgix.net/https_/www.classcentral.com/images/meta/meta-default6dba.png]
[www.classcentral.com/apple-touch-icon.png]
[www.classcentral.com/favicon-32x32.png]
[www.classcentral.com/favicon-16x16.png]
[www.classcentral.com/site.webmanifest]
[www.classcentral.com/safari-pinned-tab.svg]
[www.classcentral.com/opensearch.xml]
[www.classcentral.com/fonts/source-sans-pro-hinted/source-sans-pro-400-italic-cyrillic-ext.woff2]
[www.classcentral.com/fonts/source-sans-pro-hinted/source-sans-pro-400-italic-greek-ext.woff2]
[www.classcentral.com/fonts/source-sans-pro-hinted/source-sans-pro-400-italic-greek.woff2]
[www.classcentral.com/fonts/source-sans-pro-hinted/source-sans-pro-400-italic-vietnamese.woff2]
[www.classcentral.com/fonts/source-sans-pro-hinted/source-sans-pro-400-italic-latin-ext.woff2]
[www.classcentral.com/fonts/source-sans-pro-hinted/source-sans-pro-400-italic-latin.woff2]
[www.classcentral.com/fonts/source-sans-pro-hinted/source-sans-pro-400-regular-cyrillic-ext.woff2]
[www.classcentral.com/fonts/source-sans-pro-hinted/source-sans-pro-400-regular-cyrillic.woff2]
[www.classcentral.com/fonts/source-sans-pro-hinted/source-sans-pro-400-regular-greek-ext.woff2]
[www.classcentral.com/fonts/source-sans-pro-hinted/source-sans-pro-400-regular-greek.woff2]
[www.classcentral.com/fonts/source-sans-pro-hinted/source-sans-pro-400-regular-vietnamese.woff2]
[www.classcentral.com/fonts/source-sans-pro-hinted/source-sans-pro-400-regular-latin-ext.woff2]
[www.classcentral.com/fonts/source-sans-pro-hinted/source-sans-pro-400-regular-latin.woff2]
[www.classcentral.com/fonts/source-sans-pro-hinted/source-sans-pro-600-semibold-cyrillic-ext.woff2]
[www.classcentral.com/fonts/source-sans-pro-hinted/source-sans-pro-600-semibold-cyrillic.woff2]
[www.classcentral.com/fonts/source-sans-pro-hinted/source-sans-pro-600-semibold-greek-ext.woff2]
[www.classcentral.com/fonts/source-sans-pro-hinted/source-sans-pro-600-semibold-greek.woff2]
[www.classcentral.com/fonts/source-sans-pro-hinted/source-sans-pro-600-semibold-vietnamese.woff2]
[www.classcentral.com/fonts/source-sans-pro-hinted/source-sans-pro-600-semibold-latin-ext.woff2]
[www.classcentral.com/fonts/source-sans-pro-hinted/source-sans-pro-600-semibold-latin.woff2]
[www.classcentral.com/fonts/source-sans-pro-hinted/source-sans-pro-700-bold-cyrillic-ext.woff2]
[www.classcentral.com/fonts/source-sans-pro-hinted/source-sans-pro-700-bold-cyrillic.woff2]
[www.classcentral.com/fonts/source-sans-pro-hinted/source-sans-pro-700-bold-greek-ext.woff2]
[www.classcentral.com/fonts/source-sans-pro-hinted/source-sans-pro-700-bold-greek.woff2]
[www.classcentral.com/fonts/source-sans-pro-hinted/source-sans-pro-700-bold-vietnamese.woff2]
[www.classcentral.com/fonts/source-sans-pro-hinted/source-sans-pro-700-bold-latin-ext.woff2]
[www.classcentral.com/fonts/source-sans-pro-hinted/source-sans-pro-700-bold-latin.woff2]
[www.classcentral.com/images/fade-gradient.png]
[www.google-analytics.com/analytics.js]
[www.classcentral.com/rankings.html]
[www.classcentral.com/collections.html]
[www.classcentral.com/subjects.html]
[www.classcentral.com/subject/cs.html]
[www.classcentral.com/subject/health.html]
[www.classcentral.com/subject/maths.html]
[www.classcentral.com/universities.html]
[www.classcentral.com/report/index.html]
[www.classcentral.com/collection/top-free-online-courses.html]
[ccweb.imgix.net/https_/www.classcentral.com/images/best-courses/mini-banner-best-of-all-time3e68.png]
[ccweb.imgix.net/https_/www.classcentral.com/images/best-courses/mini-banner-best-of-all-timec7ac.png]
[ccweb.imgix.net/https_/www.classcentral.com/images/best-courses/mini-banner-most-popular-of-all-time0931.png]
[ccweb.imgix.net/https_/www.classcentral.com/images/best-courses/mini-banner-most-popular-of-all-time45d9.png]
[www.classcentral.com/report/most-popular-online-courses/index.html]
[www.classcentral.com/report/most-popular-courses-2022/index.html]
[www.classcentral.com/report/best-free-online-courses-2022/index.html]
[www.classcentral.com/report/best-free-online-courses-2021/index.html]
[www.classcentral.com/collection/ivy-league-moocs.html]
[www.classcentral.com/report/100-most-popular-online-courses-2021/index.html]
[ccweb.imgix.net/https_/www.classcentral.com/images/collections/collection-ivy-league-moocs-social5b92.jpg]
[ccweb.imgix.net/https_/www.classcentral.com/images/collections/collection-ivy-league-moocs-social1fe9.jpg]
[ccweb.imgix.net/https_/www.classcentral.com/images/collections/collection-coursera-free-coursesd038.png]
[ccweb.imgix.net/https_/www.classcentral.com/images/collections/collection-coursera-free-courses08e8.png]
[ccweb.imgix.net/https_/www.classcentral.com/images/collections/collection-free-certificates7462.png]
[www.classcentral.com/report/coursera-free-online-courses/index.html]
[ccweb.imgix.net/https_/www.classcentral.com/images/collections/collection-free-certificatesbc95.png]
[ccweb.imgix.net/https_/www.classcentral.com/images/collections/collection-google-certsa0be.png]
[ccweb.imgix.net/https_/www.classcentral.com/images/collections/collection-google-certsc6f1.png]
[www.classcentral.com/report/free-certificates/index.html]
[www.classcentral.com/report/free-google-certifications/index.html]
[www.classcentral.com/starting-this-month.html]
[www.classcentral.com/new-online-courses/february-2023.html]
[www.classcentral.com/report/most-popular-february-2023/index.html]
[www.classcentral.com/subject/ai.html]
[www.classcentral.com/subject/algorithms-and-data-structures.html]
[www.classcentral.com/subject/internet-of-things.html]
